------------------------------------------------------------
Timing Analyzer Summary
------------------------------------------------------------

Type  : Slow 1200mV 85C Model Setup 'b[1]~reg0'
Slack : -2.234
TNS   : -14.767

Type  : Slow 1200mV 85C Model Setup 'key1'
Slack : -1.622
TNS   : -3.945

Type  : Slow 1200mV 85C Model Setup 'key0'
Slack : -0.859
TNS   : -1.650

Type  : Slow 1200mV 85C Model Hold 'key1'
Slack : 0.466
TNS   : 0.000

Type  : Slow 1200mV 85C Model Hold 'key0'
Slack : 0.556
TNS   : 0.000

Type  : Slow 1200mV 85C Model Hold 'b[1]~reg0'
Slack : 0.946
TNS   : 0.000

Type  : Slow 1200mV 85C Model Minimum Pulse Width 'key0'
Slack : -3.000
TNS   : -14.896

Type  : Slow 1200mV 85C Model Minimum Pulse Width 'key1'
Slack : -3.000
TNS   : -8.948

Type  : Slow 1200mV 85C Model Minimum Pulse Width 'b[1]~reg0'
Slack : 0.418
TNS   : 0.000

Type  : Slow 1200mV 0C Model Setup 'b[1]~reg0'
Slack : -2.139
TNS   : -14.228

Type  : Slow 1200mV 0C Model Setup 'key1'
Slack : -1.469
TNS   : -3.338

Type  : Slow 1200mV 0C Model Setup 'key0'
Slack : -0.691
TNS   : -1.015

Type  : Slow 1200mV 0C Model Hold 'key1'
Slack : 0.417
TNS   : 0.000

Type  : Slow 1200mV 0C Model Hold 'key0'
Slack : 0.519
TNS   : 0.000

Type  : Slow 1200mV 0C Model Hold 'b[1]~reg0'
Slack : 1.037
TNS   : 0.000

Type  : Slow 1200mV 0C Model Minimum Pulse Width 'key0'
Slack : -3.000
TNS   : -14.896

Type  : Slow 1200mV 0C Model Minimum Pulse Width 'key1'
Slack : -3.000
TNS   : -8.948

Type  : Slow 1200mV 0C Model Minimum Pulse Width 'b[1]~reg0'
Slack : 0.318
TNS   : 0.000

Type  : Fast 1200mV 0C Model Setup 'b[1]~reg0'
Slack : -0.683
TNS   : -4.381

Type  : Fast 1200mV 0C Model Setup 'key1'
Slack : -0.422
TNS   : -1.165

Type  : Fast 1200mV 0C Model Setup 'key0'
Slack : 0.215
TNS   : 0.000

Type  : Fast 1200mV 0C Model Hold 'key1'
Slack : 0.193
TNS   : 0.000

Type  : Fast 1200mV 0C Model Hold 'key0'
Slack : 0.219
TNS   : 0.000

Type  : Fast 1200mV 0C Model Hold 'b[1]~reg0'
Slack : 0.271
TNS   : 0.000

Type  : Fast 1200mV 0C Model Minimum Pulse Width 'key0'
Slack : -3.000
TNS   : -11.696

Type  : Fast 1200mV 0C Model Minimum Pulse Width 'key1'
Slack : -3.000
TNS   : -7.174

Type  : Fast 1200mV 0C Model Minimum Pulse Width 'b[1]~reg0'
Slack : 0.385
TNS   : 0.000

------------------------------------------------------------
